---
source: src/cli/prepare/github.rs
expression: "build_pr_body(&releases, \"main\")"
---
This PR was opened by Cursus. When ready to release, you should merge this PR which will trigger a release. If you're not ready to do a release then simply leave this PR and it will be updated as you merge more changesets into `main`.

# Releases

## pkg-a@2.0.0

### Breaking Changes

- Removed old API

## pkg-b@1.3.0

### Features

- Added widget

### Bug Fixes

- Fixed crash

## pkg-c@0.9.1

